[2026-03-17T17:13:54.304-0400][gc,heap] Heap region size: 1M
[2026-03-17T17:13:54.306-0400][gc     ] Using G1
[2026-03-17T17:13:54.306-0400][gc,heap,coops] Heap address: 0x0000000780000000, size: 1024 MB, Compressed Oops mode: Zero based, Oop shift amount: 3
[2026-03-17T17:13:54.829-0400][gc,start     ] GC(0) Pause Young (Concurrent Start) (Metadata GC Threshold)
[2026-03-17T17:13:54.829-0400][gc,task      ] GC(0) Using 8 workers of 8 for evacuation
[2026-03-17T17:13:54.834-0400][gc,phases    ] GC(0)   Pre Evacuate Collection Set: 0.0ms
[2026-03-17T17:13:54.834-0400][gc,phases    ] GC(0)   Evacuate Collection Set: 4.0ms
[2026-03-17T17:13:54.834-0400][gc,phases    ] GC(0)   Post Evacuate Collection Set: 0.8ms
[2026-03-17T17:13:54.834-0400][gc,phases    ] GC(0)   Other: 0.5ms
[2026-03-17T17:13:54.834-0400][gc,heap      ] GC(0) Eden regions: 39->0(44)
[2026-03-17T17:13:54.834-0400][gc,heap      ] GC(0) Survivor regions: 0->7(7)
[2026-03-17T17:13:54.834-0400][gc,heap      ] GC(0) Old regions: 0->0
[2026-03-17T17:13:54.834-0400][gc,heap      ] GC(0) Humongous regions: 0->0
[2026-03-17T17:13:54.834-0400][gc,metaspace ] GC(0) Metaspace: 20716K(21248K)->20716K(21248K) NonClass: 18171K(18432K)->18171K(18432K) Class: 2545K(2816K)->2545K(2816K)
[2026-03-17T17:13:54.834-0400][gc           ] GC(0) Pause Young (Concurrent Start) (Metadata GC Threshold) 38M->6M(1024M) 5.436ms
[2026-03-17T17:13:54.834-0400][gc,cpu       ] GC(0) User=0.01s Sys=0.00s Real=0.01s
[2026-03-17T17:13:54.834-0400][gc           ] GC(1) Concurrent Cycle
[2026-03-17T17:13:54.834-0400][gc,marking   ] GC(1) Concurrent Clear Claimed Marks
[2026-03-17T17:13:54.834-0400][gc,marking   ] GC(1) Concurrent Clear Claimed Marks 0.013ms
[2026-03-17T17:13:54.834-0400][gc,marking   ] GC(1) Concurrent Scan Root Regions
[2026-03-17T17:13:54.836-0400][gc,marking   ] GC(1) Concurrent Scan Root Regions 1.159ms
[2026-03-17T17:13:54.836-0400][gc,marking   ] GC(1) Concurrent Mark (0.537s)
[2026-03-17T17:13:54.836-0400][gc,marking   ] GC(1) Concurrent Mark From Roots
[2026-03-17T17:13:54.836-0400][gc,task      ] GC(1) Using 2 workers of 2 for marking
[2026-03-17T17:13:54.836-0400][gc,marking   ] GC(1) Concurrent Mark From Roots 0.091ms
[2026-03-17T17:13:54.836-0400][gc,marking   ] GC(1) Concurrent Preclean
[2026-03-17T17:13:54.836-0400][gc,marking   ] GC(1) Concurrent Preclean 0.014ms
[2026-03-17T17:13:54.836-0400][gc,marking   ] GC(1) Concurrent Mark (0.537s, 0.537s) 0.124ms
[2026-03-17T17:13:54.836-0400][gc,start     ] GC(1) Pause Remark
[2026-03-17T17:13:54.837-0400][gc,stringtable] GC(1) Cleaned string and symbol table, strings: 7632 processed, 0 removed, symbols: 65301 processed, 41 removed
[2026-03-17T17:13:54.837-0400][gc            ] GC(1) Pause Remark 6M->6M(1024M) 1.701ms
[2026-03-17T17:13:54.838-0400][gc,cpu        ] GC(1) User=0.01s Sys=0.00s Real=0.00s
[2026-03-17T17:13:54.838-0400][gc,marking    ] GC(1) Concurrent Rebuild Remembered Sets
[2026-03-17T17:13:54.838-0400][gc,marking    ] GC(1) Concurrent Rebuild Remembered Sets 0.027ms
[2026-03-17T17:13:54.838-0400][gc,start      ] GC(1) Pause Cleanup
[2026-03-17T17:13:54.838-0400][gc            ] GC(1) Pause Cleanup 6M->6M(1024M) 0.096ms
[2026-03-17T17:13:54.838-0400][gc,cpu        ] GC(1) User=0.00s Sys=0.00s Real=0.00s
[2026-03-17T17:13:54.838-0400][gc,marking    ] GC(1) Concurrent Cleanup for Next Mark
[2026-03-17T17:13:54.839-0400][gc,marking    ] GC(1) Concurrent Cleanup for Next Mark 1.715ms
[2026-03-17T17:13:54.839-0400][gc            ] GC(1) Concurrent Cycle 5.080ms
[2026-03-17T17:13:55.399-0400][gc,start      ] GC(2) Pause Young (Normal) (G1 Evacuation Pause)
[2026-03-17T17:13:55.399-0400][gc,task       ] GC(2) Using 8 workers of 8 for evacuation
[2026-03-17T17:13:55.404-0400][gc,phases     ] GC(2)   Pre Evacuate Collection Set: 0.0ms
[2026-03-17T17:13:55.404-0400][gc,phases     ] GC(2)   Evacuate Collection Set: 4.8ms
[2026-03-17T17:13:55.404-0400][gc,phases     ] GC(2)   Post Evacuate Collection Set: 0.5ms
[2026-03-17T17:13:55.404-0400][gc,phases     ] GC(2)   Other: 0.1ms
[2026-03-17T17:13:55.404-0400][gc,heap       ] GC(2) Eden regions: 44->0(48)
[2026-03-17T17:13:55.404-0400][gc,heap       ] GC(2) Survivor regions: 7->3(7)
[2026-03-17T17:13:55.404-0400][gc,heap       ] GC(2) Old regions: 0->6
[2026-03-17T17:13:55.404-0400][gc,heap       ] GC(2) Humongous regions: 129->129
[2026-03-17T17:13:55.404-0400][gc,metaspace  ] GC(2) Metaspace: 30184K(31232K)->30184K(31232K) NonClass: 26308K(26880K)->26308K(26880K) Class: 3875K(4352K)->3875K(4352K)
[2026-03-17T17:13:55.404-0400][gc            ] GC(2) Pause Young (Normal) (G1 Evacuation Pause) 179M->137M(1024M) 5.498ms
[2026-03-17T17:13:55.404-0400][gc,cpu        ] GC(2) User=0.02s Sys=0.01s Real=0.01s
[2026-03-17T17:13:55.577-0400][gc,start      ] GC(3) Pause Young (Concurrent Start) (Metadata GC Threshold)
[2026-03-17T17:13:55.577-0400][gc,task       ] GC(3) Using 8 workers of 8 for evacuation
[2026-03-17T17:13:55.580-0400][gc,phases     ] GC(3)   Pre Evacuate Collection Set: 0.0ms
[2026-03-17T17:13:55.580-0400][gc,phases     ] GC(3)   Evacuate Collection Set: 2.2ms
[2026-03-17T17:13:55.580-0400][gc,phases     ] GC(3)   Post Evacuate Collection Set: 0.2ms
[2026-03-17T17:13:55.580-0400][gc,phases     ] GC(3)   Other: 0.2ms
[2026-03-17T17:13:55.580-0400][gc,heap       ] GC(3) Eden regions: 24->0(46)
[2026-03-17T17:13:55.580-0400][gc,heap       ] GC(3) Survivor regions: 3->5(7)
[2026-03-17T17:13:55.580-0400][gc,heap       ] GC(3) Old regions: 6->6
[2026-03-17T17:13:55.580-0400][gc,heap       ] GC(3) Humongous regions: 129->129
[2026-03-17T17:13:55.580-0400][gc,metaspace  ] GC(3) Metaspace: 34542K(35840K)->34542K(35840K) NonClass: 30108K(30848K)->30108K(30848K) Class: 4434K(4992K)->4434K(4992K)
[2026-03-17T17:13:55.580-0400][gc            ] GC(3) Pause Young (Concurrent Start) (Metadata GC Threshold) 161M->139M(1024M) 2.643ms
[2026-03-17T17:13:55.580-0400][gc,cpu        ] GC(3) User=0.01s Sys=0.01s Real=0.01s
[2026-03-17T17:13:55.580-0400][gc            ] GC(4) Concurrent Cycle
[2026-03-17T17:13:55.580-0400][gc,marking    ] GC(4) Concurrent Clear Claimed Marks
[2026-03-17T17:13:55.580-0400][gc,marking    ] GC(4) Concurrent Clear Claimed Marks 0.014ms
[2026-03-17T17:13:55.580-0400][gc,marking    ] GC(4) Concurrent Scan Root Regions
[2026-03-17T17:13:55.581-0400][gc,marking    ] GC(4) Concurrent Scan Root Regions 1.621ms
[2026-03-17T17:13:55.582-0400][gc,marking    ] GC(4) Concurrent Mark (1.283s)
[2026-03-17T17:13:55.582-0400][gc,marking    ] GC(4) Concurrent Mark From Roots
[2026-03-17T17:13:55.582-0400][gc,task       ] GC(4) Using 2 workers of 2 for marking
[2026-03-17T17:13:55.586-0400][gc,marking    ] GC(4) Concurrent Mark From Roots 4.832ms
[2026-03-17T17:13:55.586-0400][gc,marking    ] GC(4) Concurrent Preclean
[2026-03-17T17:13:55.587-0400][gc,marking    ] GC(4) Concurrent Preclean 0.042ms
[2026-03-17T17:13:55.587-0400][gc,marking    ] GC(4) Concurrent Mark (1.283s, 1.288s) 4.922ms
[2026-03-17T17:13:55.587-0400][gc,start      ] GC(4) Pause Remark
[2026-03-17T17:13:55.588-0400][gc,stringtable] GC(4) Cleaned string and symbol table, strings: 12139 processed, 8 removed, symbols: 99681 processed, 26 removed
[2026-03-17T17:13:55.588-0400][gc            ] GC(4) Pause Remark 141M->141M(1024M) 1.400ms
[2026-03-17T17:13:55.588-0400][gc,cpu        ] GC(4) User=0.01s Sys=0.00s Real=0.00s
[2026-03-17T17:13:55.588-0400][gc,marking    ] GC(4) Concurrent Rebuild Remembered Sets
[2026-03-17T17:13:55.590-0400][gc,marking    ] GC(4) Concurrent Rebuild Remembered Sets 2.099ms
[2026-03-17T17:13:55.590-0400][gc,start      ] GC(4) Pause Cleanup
[2026-03-17T17:13:55.591-0400][gc            ] GC(4) Pause Cleanup 141M->141M(1024M) 0.100ms
[2026-03-17T17:13:55.591-0400][gc,cpu        ] GC(4) User=0.00s Sys=0.00s Real=0.00s
[2026-03-17T17:13:55.591-0400][gc,marking    ] GC(4) Concurrent Cleanup for Next Mark
[2026-03-17T17:13:55.592-0400][gc,marking    ] GC(4) Concurrent Cleanup for Next Mark 1.892ms
[2026-03-17T17:13:55.592-0400][gc            ] GC(4) Concurrent Cycle 12.779ms
[2026-03-17T17:15:28.236-0400][gc,start      ] GC(5) Pause Young (Normal) (G1 Evacuation Pause)
[2026-03-17T17:15:28.237-0400][gc,task       ] GC(5) Using 8 workers of 8 for evacuation
[2026-03-17T17:15:28.275-0400][gc,mmu        ] GC(5) MMU target violated: 21.0ms (20.0ms/21.0ms)
[2026-03-17T17:15:28.275-0400][gc,phases     ] GC(5)   Pre Evacuate Collection Set: 2.1ms
[2026-03-17T17:15:28.275-0400][gc,phases     ] GC(5)   Evacuate Collection Set: 35.0ms
[2026-03-17T17:15:28.275-0400][gc,phases     ] GC(5)   Post Evacuate Collection Set: 0.6ms
[2026-03-17T17:15:28.275-0400][gc,phases     ] GC(5)   Other: 2.4ms
[2026-03-17T17:15:28.275-0400][gc,heap       ] GC(5) Eden regions: 46->0(46)
[2026-03-17T17:15:28.275-0400][gc,heap       ] GC(5) Survivor regions: 5->5(7)
[2026-03-17T17:15:28.275-0400][gc,heap       ] GC(5) Old regions: 6->9
[2026-03-17T17:15:28.275-0400][gc,heap       ] GC(5) Humongous regions: 135->129
[2026-03-17T17:15:28.275-0400][gc,metaspace  ] GC(5) Metaspace: 40964K(43392K)->40964K(43392K) NonClass: 35285K(36608K)->35285K(36608K) Class: 5678K(6784K)->5678K(6784K)
[2026-03-17T17:15:28.275-0400][gc            ] GC(5) Pause Young (Normal) (G1 Evacuation Pause) 191M->141M(1024M) 39.603ms
[2026-03-17T17:15:28.275-0400][gc,cpu        ] GC(5) User=0.03s Sys=0.09s Real=0.04s
[2026-03-17T17:26:20.611-0400][gc,start      ] GC(6) Pause Young (Normal) (G1 Evacuation Pause)
[2026-03-17T17:26:20.613-0400][gc,task       ] GC(6) Using 8 workers of 8 for evacuation
[2026-03-17T17:26:20.649-0400][gc,mmu        ] GC(6) MMU target violated: 21.0ms (20.0ms/21.0ms)
[2026-03-17T17:26:20.649-0400][gc,phases     ] GC(6)   Pre Evacuate Collection Set: 3.2ms
[2026-03-17T17:26:20.649-0400][gc,phases     ] GC(6)   Evacuate Collection Set: 30.5ms
[2026-03-17T17:26:20.649-0400][gc,phases     ] GC(6)   Post Evacuate Collection Set: 1.1ms
[2026-03-17T17:26:20.649-0400][gc,phases     ] GC(6)   Other: 3.8ms
[2026-03-17T17:26:20.649-0400][gc,heap       ] GC(6) Eden regions: 46->0(47)
[2026-03-17T17:26:20.649-0400][gc,heap       ] GC(6) Survivor regions: 5->4(7)
[2026-03-17T17:26:20.649-0400][gc,heap       ] GC(6) Old regions: 9->11
[2026-03-17T17:26:20.649-0400][gc,heap       ] GC(6) Humongous regions: 129->129
[2026-03-17T17:26:20.649-0400][gc,metaspace  ] GC(6) Metaspace: 41982K(44288K)->41982K(44288K) NonClass: 36220K(37376K)->36220K(37376K) Class: 5761K(6912K)->5761K(6912K)
[2026-03-17T17:26:20.649-0400][gc            ] GC(6) Pause Young (Normal) (G1 Evacuation Pause) 187M->143M(1024M) 37.450ms
[2026-03-17T17:26:20.649-0400][gc,cpu        ] GC(6) User=0.04s Sys=0.08s Real=0.03s
[2026-03-17T17:38:22.080-0400][gc,start      ] GC(7) Pause Young (Normal) (G1 Evacuation Pause)
[2026-03-17T17:38:22.083-0400][gc,task       ] GC(7) Using 8 workers of 8 for evacuation
[2026-03-17T17:38:22.121-0400][gc,mmu        ] GC(7) MMU target violated: 21.0ms (20.0ms/21.0ms)
[2026-03-17T17:38:22.121-0400][gc,phases     ] GC(7)   Pre Evacuate Collection Set: 3.4ms
[2026-03-17T17:38:22.121-0400][gc,phases     ] GC(7)   Evacuate Collection Set: 32.6ms
[2026-03-17T17:38:22.121-0400][gc,phases     ] GC(7)   Post Evacuate Collection Set: 0.5ms
[2026-03-17T17:38:22.121-0400][gc,phases     ] GC(7)   Other: 4.7ms
[2026-03-17T17:38:22.121-0400][gc,heap       ] GC(7) Eden regions: 47->0(48)
[2026-03-17T17:38:22.121-0400][gc,heap       ] GC(7) Survivor regions: 4->3(7)
[2026-03-17T17:38:22.121-0400][gc,heap       ] GC(7) Old regions: 11->13
[2026-03-17T17:38:22.121-0400][gc,heap       ] GC(7) Humongous regions: 129->129
[2026-03-17T17:38:22.121-0400][gc,metaspace  ] GC(7) Metaspace: 42082K(44544K)->42082K(44544K) NonClass: 36321K(37632K)->36321K(37632K) Class: 5761K(6912K)->5761K(6912K)
[2026-03-17T17:38:22.121-0400][gc            ] GC(7) Pause Young (Normal) (G1 Evacuation Pause) 190M->144M(1024M) 41.169ms
[2026-03-17T17:38:22.121-0400][gc,cpu        ] GC(7) User=0.04s Sys=0.08s Real=0.04s
[2026-03-17T17:50:24.293-0400][gc,start      ] GC(8) Pause Young (Normal) (G1 Evacuation Pause)
[2026-03-17T17:50:24.294-0400][gc,task       ] GC(8) Using 8 workers of 8 for evacuation
[2026-03-17T17:50:24.312-0400][gc,phases     ] GC(8)   Pre Evacuate Collection Set: 0.7ms
[2026-03-17T17:50:24.312-0400][gc,phases     ] GC(8)   Evacuate Collection Set: 16.7ms
[2026-03-17T17:50:24.312-0400][gc,phases     ] GC(8)   Post Evacuate Collection Set: 0.7ms
[2026-03-17T17:50:24.312-0400][gc,phases     ] GC(8)   Other: 0.5ms
[2026-03-17T17:50:24.312-0400][gc,heap       ] GC(8) Eden regions: 48->0(48)
[2026-03-17T17:50:24.312-0400][gc,heap       ] GC(8) Survivor regions: 3->3(7)
[2026-03-17T17:50:24.312-0400][gc,heap       ] GC(8) Old regions: 13->13
[2026-03-17T17:50:24.312-0400][gc,heap       ] GC(8) Humongous regions: 129->129
[2026-03-17T17:50:24.312-0400][gc,metaspace  ] GC(8) Metaspace: 42445K(44928K)->42445K(44928K) NonClass: 36592K(37888K)->36592K(37888K) Class: 5853K(7040K)->5853K(7040K)
[2026-03-17T17:50:24.312-0400][gc            ] GC(8) Pause Young (Normal) (G1 Evacuation Pause) 192M->143M(1024M) 18.710ms
[2026-03-17T17:50:24.312-0400][gc,cpu        ] GC(8) User=0.02s Sys=0.03s Real=0.02s
[2026-03-17T17:50:25.498-0400][gc,heap,exit  ] Heap
[2026-03-17T17:50:25.498-0400][gc,heap,exit  ]  garbage-first heap   total 1048576K, used 152481K [0x0000000780000000, 0x00000007c0000000)
[2026-03-17T17:50:25.498-0400][gc,heap,exit  ]   region size 1024K, 9 young (9216K), 3 survivors (3072K)
[2026-03-17T17:50:25.498-0400][gc,heap,exit  ]  Metaspace       used 42830K, capacity 45308K, committed 45440K, reserved 1087488K
[2026-03-17T17:50:25.498-0400][gc,heap,exit  ]   class space    used 5959K, capacity 7181K, committed 7296K, reserved 1048576K
