[2026-03-17T16:25:16.427-0400][gc,heap] Heap region size: 1M
[2026-03-17T16:25:16.428-0400][gc     ] Using G1
[2026-03-17T16:25:16.428-0400][gc,heap,coops] Heap address: 0x0000000780000000, size: 1024 MB, Compressed Oops mode: Zero based, Oop shift amount: 3
[2026-03-17T16:25:16.962-0400][gc,start     ] GC(0) Pause Young (Concurrent Start) (Metadata GC Threshold)
[2026-03-17T16:25:16.962-0400][gc,task      ] GC(0) Using 8 workers of 8 for evacuation
[2026-03-17T16:25:16.966-0400][gc,phases    ] GC(0)   Pre Evacuate Collection Set: 0.0ms
[2026-03-17T16:25:16.967-0400][gc,phases    ] GC(0)   Evacuate Collection Set: 3.6ms
[2026-03-17T16:25:16.967-0400][gc,phases    ] GC(0)   Post Evacuate Collection Set: 0.5ms
[2026-03-17T16:25:16.967-0400][gc,phases    ] GC(0)   Other: 0.4ms
[2026-03-17T16:25:16.967-0400][gc,heap      ] GC(0) Eden regions: 39->0(44)
[2026-03-17T16:25:16.967-0400][gc,heap      ] GC(0) Survivor regions: 0->7(7)
[2026-03-17T16:25:16.967-0400][gc,heap      ] GC(0) Old regions: 0->0
[2026-03-17T16:25:16.967-0400][gc,heap      ] GC(0) Humongous regions: 0->0
[2026-03-17T16:25:16.967-0400][gc,metaspace ] GC(0) Metaspace: 20750K(21248K)->20750K(21248K) NonClass: 18201K(18432K)->18201K(18432K) Class: 2549K(2816K)->2549K(2816K)
[2026-03-17T16:25:16.967-0400][gc           ] GC(0) Pause Young (Concurrent Start) (Metadata GC Threshold) 38M->6M(1024M) 4.661ms
[2026-03-17T16:25:16.967-0400][gc,cpu       ] GC(0) User=0.01s Sys=0.00s Real=0.00s
[2026-03-17T16:25:16.967-0400][gc           ] GC(1) Concurrent Cycle
[2026-03-17T16:25:16.967-0400][gc,marking   ] GC(1) Concurrent Clear Claimed Marks
[2026-03-17T16:25:16.967-0400][gc,marking   ] GC(1) Concurrent Clear Claimed Marks 0.011ms
[2026-03-17T16:25:16.967-0400][gc,marking   ] GC(1) Concurrent Scan Root Regions
[2026-03-17T16:25:16.969-0400][gc,marking   ] GC(1) Concurrent Scan Root Regions 1.693ms
[2026-03-17T16:25:16.969-0400][gc,marking   ] GC(1) Concurrent Mark (0.546s)
[2026-03-17T16:25:16.969-0400][gc,marking   ] GC(1) Concurrent Mark From Roots
[2026-03-17T16:25:16.969-0400][gc,task      ] GC(1) Using 2 workers of 2 for marking
[2026-03-17T16:25:16.969-0400][gc,marking   ] GC(1) Concurrent Mark From Roots 0.202ms
[2026-03-17T16:25:16.969-0400][gc,marking   ] GC(1) Concurrent Preclean
[2026-03-17T16:25:16.969-0400][gc,marking   ] GC(1) Concurrent Preclean 0.014ms
[2026-03-17T16:25:16.969-0400][gc,marking   ] GC(1) Concurrent Mark (0.546s, 0.547s) 0.235ms
[2026-03-17T16:25:16.969-0400][gc,start     ] GC(1) Pause Remark
[2026-03-17T16:25:16.970-0400][gc,stringtable] GC(1) Cleaned string and symbol table, strings: 7632 processed, 0 removed, symbols: 65421 processed, 41 removed
[2026-03-17T16:25:16.970-0400][gc            ] GC(1) Pause Remark 6M->6M(1024M) 1.262ms
[2026-03-17T16:25:16.970-0400][gc,cpu        ] GC(1) User=0.00s Sys=0.00s Real=0.01s
[2026-03-17T16:25:16.970-0400][gc,marking    ] GC(1) Concurrent Rebuild Remembered Sets
[2026-03-17T16:25:16.970-0400][gc,marking    ] GC(1) Concurrent Rebuild Remembered Sets 0.158ms
[2026-03-17T16:25:16.970-0400][gc,start      ] GC(1) Pause Cleanup
[2026-03-17T16:25:16.971-0400][gc            ] GC(1) Pause Cleanup 6M->6M(1024M) 0.073ms
[2026-03-17T16:25:16.971-0400][gc,cpu        ] GC(1) User=0.00s Sys=0.00s Real=0.00s
[2026-03-17T16:25:16.971-0400][gc,marking    ] GC(1) Concurrent Cleanup for Next Mark
[2026-03-17T16:25:16.972-0400][gc,marking    ] GC(1) Concurrent Cleanup for Next Mark 1.606ms
[2026-03-17T16:25:16.972-0400][gc            ] GC(1) Concurrent Cycle 5.375ms
[2026-03-17T16:25:17.483-0400][gc,start      ] GC(2) Pause Young (Normal) (G1 Evacuation Pause)
[2026-03-17T16:25:17.483-0400][gc,task       ] GC(2) Using 8 workers of 8 for evacuation
[2026-03-17T16:25:17.489-0400][gc,phases     ] GC(2)   Pre Evacuate Collection Set: 0.0ms
[2026-03-17T16:25:17.489-0400][gc,phases     ] GC(2)   Evacuate Collection Set: 5.7ms
[2026-03-17T16:25:17.489-0400][gc,phases     ] GC(2)   Post Evacuate Collection Set: 0.2ms
[2026-03-17T16:25:17.489-0400][gc,phases     ] GC(2)   Other: 0.1ms
[2026-03-17T16:25:17.489-0400][gc,heap       ] GC(2) Eden regions: 44->0(47)
[2026-03-17T16:25:17.489-0400][gc,heap       ] GC(2) Survivor regions: 7->4(7)
[2026-03-17T16:25:17.489-0400][gc,heap       ] GC(2) Old regions: 0->7
[2026-03-17T16:25:17.489-0400][gc,heap       ] GC(2) Humongous regions: 129->129
[2026-03-17T16:25:17.489-0400][gc,metaspace  ] GC(2) Metaspace: 30347K(31488K)->30347K(31488K) NonClass: 26472K(27136K)->26472K(27136K) Class: 3874K(4352K)->3874K(4352K)
[2026-03-17T16:25:17.489-0400][gc            ] GC(2) Pause Young (Normal) (G1 Evacuation Pause) 179M->138M(1024M) 6.183ms
[2026-03-17T16:25:17.489-0400][gc,cpu        ] GC(2) User=0.03s Sys=0.00s Real=0.00s
[2026-03-17T16:25:17.603-0400][gc,start      ] GC(3) Pause Young (Concurrent Start) (Metadata GC Threshold)
[2026-03-17T16:25:17.603-0400][gc,task       ] GC(3) Using 8 workers of 8 for evacuation
[2026-03-17T16:25:17.606-0400][gc,phases     ] GC(3)   Pre Evacuate Collection Set: 0.0ms
[2026-03-17T16:25:17.606-0400][gc,phases     ] GC(3)   Evacuate Collection Set: 2.3ms
[2026-03-17T16:25:17.606-0400][gc,phases     ] GC(3)   Post Evacuate Collection Set: 0.2ms
[2026-03-17T16:25:17.606-0400][gc,phases     ] GC(3)   Other: 0.1ms
[2026-03-17T16:25:17.606-0400][gc,heap       ] GC(3) Eden regions: 19->0(46)
[2026-03-17T16:25:17.606-0400][gc,heap       ] GC(3) Survivor regions: 4->5(7)
[2026-03-17T16:25:17.606-0400][gc,heap       ] GC(3) Old regions: 7->7
[2026-03-17T16:25:17.606-0400][gc,heap       ] GC(3) Humongous regions: 129->129
[2026-03-17T16:25:17.606-0400][gc,metaspace  ] GC(3) Metaspace: 34667K(35840K)->34667K(35840K) NonClass: 30219K(30848K)->30219K(30848K) Class: 4448K(4992K)->4448K(4992K)
[2026-03-17T16:25:17.606-0400][gc            ] GC(3) Pause Young (Concurrent Start) (Metadata GC Threshold) 157M->139M(1024M) 2.644ms
[2026-03-17T16:25:17.606-0400][gc,cpu        ] GC(3) User=0.01s Sys=0.00s Real=0.00s
[2026-03-17T16:25:17.606-0400][gc            ] GC(4) Concurrent Cycle
[2026-03-17T16:25:17.606-0400][gc,marking    ] GC(4) Concurrent Clear Claimed Marks
[2026-03-17T16:25:17.606-0400][gc,marking    ] GC(4) Concurrent Clear Claimed Marks 0.016ms
[2026-03-17T16:25:17.606-0400][gc,marking    ] GC(4) Concurrent Scan Root Regions
[2026-03-17T16:25:17.607-0400][gc,marking    ] GC(4) Concurrent Scan Root Regions 1.227ms
[2026-03-17T16:25:17.607-0400][gc,marking    ] GC(4) Concurrent Mark (1.185s)
[2026-03-17T16:25:17.607-0400][gc,marking    ] GC(4) Concurrent Mark From Roots
[2026-03-17T16:25:17.607-0400][gc,task       ] GC(4) Using 2 workers of 2 for marking
[2026-03-17T16:25:17.613-0400][gc,marking    ] GC(4) Concurrent Mark From Roots 5.989ms
[2026-03-17T16:25:17.616-0400][gc,marking    ] GC(4) Concurrent Preclean
[2026-03-17T16:25:17.616-0400][gc,marking    ] GC(4) Concurrent Preclean 0.501ms
[2026-03-17T16:25:17.616-0400][gc,marking    ] GC(4) Concurrent Mark (1.185s, 1.194s) 9.241ms
[2026-03-17T16:25:17.616-0400][gc,start      ] GC(4) Pause Remark
[2026-03-17T16:25:17.618-0400][gc,stringtable] GC(4) Cleaned string and symbol table, strings: 12752 processed, 8 removed, symbols: 101635 processed, 24 removed
[2026-03-17T16:25:17.618-0400][gc            ] GC(4) Pause Remark 141M->141M(1024M) 1.873ms
[2026-03-17T16:25:17.618-0400][gc,cpu        ] GC(4) User=0.01s Sys=0.00s Real=0.00s
[2026-03-17T16:25:17.618-0400][gc,marking    ] GC(4) Concurrent Rebuild Remembered Sets
[2026-03-17T16:25:17.621-0400][gc,marking    ] GC(4) Concurrent Rebuild Remembered Sets 2.233ms
[2026-03-17T16:25:17.621-0400][gc,start      ] GC(4) Pause Cleanup
[2026-03-17T16:25:17.621-0400][gc            ] GC(4) Pause Cleanup 141M->141M(1024M) 0.098ms
[2026-03-17T16:25:17.621-0400][gc,cpu        ] GC(4) User=0.00s Sys=0.00s Real=0.00s
[2026-03-17T16:25:17.621-0400][gc,marking    ] GC(4) Concurrent Cleanup for Next Mark
[2026-03-17T16:25:17.623-0400][gc,marking    ] GC(4) Concurrent Cleanup for Next Mark 2.050ms
[2026-03-17T16:25:17.623-0400][gc            ] GC(4) Concurrent Cycle 17.596ms
[2026-03-17T16:29:26.160-0400][gc,start      ] GC(5) Pause Young (Concurrent Start) (G1 Evacuation Pause)
[2026-03-17T16:29:26.160-0400][gc,task       ] GC(5) Using 8 workers of 8 for evacuation
[2026-03-17T16:29:26.186-0400][gc,mmu        ] GC(5) MMU target violated: 21.0ms (20.0ms/21.0ms)
[2026-03-17T16:29:26.186-0400][gc,phases     ] GC(5)   Pre Evacuate Collection Set: 0.1ms
[2026-03-17T16:29:26.186-0400][gc,phases     ] GC(5)   Evacuate Collection Set: 24.9ms
[2026-03-17T16:29:26.186-0400][gc,phases     ] GC(5)   Post Evacuate Collection Set: 0.3ms
[2026-03-17T16:29:26.186-0400][gc,phases     ] GC(5)   Other: 1.1ms
[2026-03-17T16:29:26.186-0400][gc,heap       ] GC(5) Eden regions: 46->0(47)
[2026-03-17T16:29:26.186-0400][gc,heap       ] GC(5) Survivor regions: 5->4(7)
[2026-03-17T16:29:26.186-0400][gc,heap       ] GC(5) Old regions: 7->10
[2026-03-17T16:29:26.186-0400][gc,heap       ] GC(5) Humongous regions: 129->129
[2026-03-17T16:29:26.186-0400][gc,metaspace  ] GC(5) Metaspace: 40510K(42944K)->40510K(42944K) NonClass: 34864K(36096K)->34864K(36096K) Class: 5646K(6848K)->5646K(6848K)
[2026-03-17T16:29:26.186-0400][gc            ] GC(5) Pause Young (Concurrent Start) (G1 Evacuation Pause) 185M->141M(1024M) 26.523ms
[2026-03-17T16:29:26.186-0400][gc,cpu        ] GC(5) User=0.02s Sys=0.06s Real=0.02s
[2026-03-17T16:29:26.186-0400][gc            ] GC(6) Concurrent Cycle
[2026-03-17T16:29:26.186-0400][gc,marking    ] GC(6) Concurrent Clear Claimed Marks
[2026-03-17T16:29:26.186-0400][gc,marking    ] GC(6) Concurrent Clear Claimed Marks 0.037ms
[2026-03-17T16:29:26.187-0400][gc,marking    ] GC(6) Concurrent Scan Root Regions
[2026-03-17T16:29:26.188-0400][gc,marking    ] GC(6) Concurrent Scan Root Regions 1.199ms
[2026-03-17T16:29:26.188-0400][gc,marking    ] GC(6) Concurrent Mark (249.771s)
[2026-03-17T16:29:26.188-0400][gc,marking    ] GC(6) Concurrent Mark From Roots
[2026-03-17T16:29:26.188-0400][gc,task       ] GC(6) Using 2 workers of 2 for marking
[2026-03-17T16:29:26.192-0400][gc,marking    ] GC(6) Concurrent Mark From Roots 4.640ms
[2026-03-17T16:29:26.192-0400][gc,marking    ] GC(6) Concurrent Preclean
[2026-03-17T16:29:26.192-0400][gc,marking    ] GC(6) Concurrent Preclean 0.050ms
[2026-03-17T16:29:26.192-0400][gc,marking    ] GC(6) Concurrent Mark (249.771s, 249.775s) 4.729ms
[2026-03-17T16:29:26.193-0400][gc,start      ] GC(6) Pause Remark
[2026-03-17T16:29:26.201-0400][gc,stringtable] GC(6) Cleaned string and symbol table, strings: 14173 processed, 0 removed, symbols: 107076 processed, 6 removed
[2026-03-17T16:29:26.201-0400][gc            ] GC(6) Pause Remark 142M->142M(1024M) 8.472ms
[2026-03-17T16:29:26.201-0400][gc,cpu        ] GC(6) User=0.01s Sys=0.01s Real=0.01s
[2026-03-17T16:29:26.201-0400][gc,marking    ] GC(6) Concurrent Rebuild Remembered Sets
[2026-03-17T16:29:26.204-0400][gc,marking    ] GC(6) Concurrent Rebuild Remembered Sets 2.988ms
[2026-03-17T16:29:26.204-0400][gc,start      ] GC(6) Pause Cleanup
[2026-03-17T16:29:26.204-0400][gc            ] GC(6) Pause Cleanup 142M->142M(1024M) 0.120ms
[2026-03-17T16:29:26.204-0400][gc,cpu        ] GC(6) User=0.00s Sys=0.00s Real=0.00s
[2026-03-17T16:29:26.204-0400][gc,marking    ] GC(6) Concurrent Cleanup for Next Mark
[2026-03-17T16:29:26.209-0400][gc,marking    ] GC(6) Concurrent Cleanup for Next Mark 5.116ms
[2026-03-17T16:29:26.209-0400][gc            ] GC(6) Concurrent Cycle 23.035ms
[2026-03-17T16:37:44.285-0400][gc,start      ] GC(7) Pause Young (Normal) (G1 Evacuation Pause)
[2026-03-17T16:37:44.285-0400][gc,task       ] GC(7) Using 8 workers of 8 for evacuation
[2026-03-17T16:37:44.319-0400][gc,mmu        ] GC(7) MMU target violated: 21.0ms (20.0ms/21.0ms)
[2026-03-17T16:37:44.319-0400][gc,phases     ] GC(7)   Pre Evacuate Collection Set: 0.4ms
[2026-03-17T16:37:44.319-0400][gc,phases     ] GC(7)   Evacuate Collection Set: 32.7ms
[2026-03-17T16:37:44.319-0400][gc,phases     ] GC(7)   Post Evacuate Collection Set: 0.6ms
[2026-03-17T16:37:44.319-0400][gc,phases     ] GC(7)   Other: 1.0ms
[2026-03-17T16:37:44.319-0400][gc,heap       ] GC(7) Eden regions: 47->0(45)
[2026-03-17T16:37:44.319-0400][gc,heap       ] GC(7) Survivor regions: 4->6(7)
[2026-03-17T16:37:44.319-0400][gc,heap       ] GC(7) Old regions: 10->10
[2026-03-17T16:37:44.319-0400][gc,heap       ] GC(7) Humongous regions: 129->129
[2026-03-17T16:37:44.319-0400][gc,metaspace  ] GC(7) Metaspace: 41803K(44352K)->41803K(44352K) NonClass: 36086K(37376K)->36086K(37376K) Class: 5716K(6976K)->5716K(6976K)
[2026-03-17T16:37:44.319-0400][gc            ] GC(7) Pause Young (Normal) (G1 Evacuation Pause) 188M->144M(1024M) 34.783ms
[2026-03-17T16:37:44.319-0400][gc,cpu        ] GC(7) User=0.03s Sys=0.05s Real=0.03s
[2026-03-17T16:46:04.287-0400][gc,start      ] GC(8) Pause Young (Normal) (G1 Evacuation Pause)
[2026-03-17T16:46:04.287-0400][gc,task       ] GC(8) Using 8 workers of 8 for evacuation
[2026-03-17T16:46:04.367-0400][gc,mmu        ] GC(8) MMU target violated: 21.0ms (20.0ms/21.0ms)
[2026-03-17T16:46:04.367-0400][gc,phases     ] GC(8)   Pre Evacuate Collection Set: 1.5ms
[2026-03-17T16:46:04.367-0400][gc,phases     ] GC(8)   Evacuate Collection Set: 76.4ms
[2026-03-17T16:46:04.367-0400][gc,phases     ] GC(8)   Post Evacuate Collection Set: 0.6ms
[2026-03-17T16:46:04.367-0400][gc,phases     ] GC(8)   Other: 2.3ms
[2026-03-17T16:46:04.367-0400][gc,heap       ] GC(8) Eden regions: 45->0(48)
[2026-03-17T16:46:04.367-0400][gc,heap       ] GC(8) Survivor regions: 6->3(7)
[2026-03-17T16:46:04.367-0400][gc,heap       ] GC(8) Old regions: 10->13
[2026-03-17T16:46:04.367-0400][gc,heap       ] GC(8) Humongous regions: 129->129
[2026-03-17T16:46:04.367-0400][gc,metaspace  ] GC(8) Metaspace: 42082K(44608K)->42082K(44608K) NonClass: 36313K(37632K)->36313K(37632K) Class: 5768K(6976K)->5768K(6976K)
[2026-03-17T16:46:04.367-0400][gc            ] GC(8) Pause Young (Normal) (G1 Evacuation Pause) 189M->144M(1024M) 80.175ms
[2026-03-17T16:46:04.367-0400][gc,cpu        ] GC(8) User=0.09s Sys=0.08s Real=0.08s
[2026-03-17T16:55:41.346-0400][gc,start      ] GC(9) Pause Young (Normal) (G1 Evacuation Pause)
[2026-03-17T16:55:41.347-0400][gc,task       ] GC(9) Using 8 workers of 8 for evacuation
[2026-03-17T16:55:41.368-0400][gc,mmu        ] GC(9) MMU target violated: 21.0ms (20.0ms/21.0ms)
[2026-03-17T16:55:41.369-0400][gc,phases     ] GC(9)   Pre Evacuate Collection Set: 1.2ms
[2026-03-17T16:55:41.369-0400][gc,phases     ] GC(9)   Evacuate Collection Set: 18.5ms
[2026-03-17T16:55:41.369-0400][gc,phases     ] GC(9)   Post Evacuate Collection Set: 0.6ms
[2026-03-17T16:55:41.369-0400][gc,phases     ] GC(9)   Other: 2.8ms
[2026-03-17T16:55:41.369-0400][gc,heap       ] GC(9) Eden regions: 48->0(48)
[2026-03-17T16:55:41.369-0400][gc,heap       ] GC(9) Survivor regions: 3->3(7)
[2026-03-17T16:55:41.369-0400][gc,heap       ] GC(9) Old regions: 13->13
[2026-03-17T16:55:41.369-0400][gc,heap       ] GC(9) Humongous regions: 129->129
[2026-03-17T16:55:41.369-0400][gc,metaspace  ] GC(9) Metaspace: 42185K(44608K)->42185K(44608K) NonClass: 36409K(37632K)->36409K(37632K) Class: 5776K(6976K)->5776K(6976K)
[2026-03-17T16:55:41.369-0400][gc            ] GC(9) Pause Young (Normal) (G1 Evacuation Pause) 192M->144M(1024M) 22.621ms
[2026-03-17T16:55:41.369-0400][gc,cpu        ] GC(9) User=0.03s Sys=0.06s Real=0.02s
[2026-03-17T17:07:07.810-0400][gc,start      ] GC(10) Pause Young (Normal) (G1 Evacuation Pause)
[2026-03-17T17:07:07.810-0400][gc,task       ] GC(10) Using 8 workers of 8 for evacuation
[2026-03-17T17:07:07.855-0400][gc,mmu        ] GC(10) MMU target violated: 21.0ms (20.0ms/21.0ms)
[2026-03-17T17:07:07.855-0400][gc,phases     ] GC(10)   Pre Evacuate Collection Set: 1.1ms
[2026-03-17T17:07:07.855-0400][gc,phases     ] GC(10)   Evacuate Collection Set: 41.3ms
[2026-03-17T17:07:07.855-0400][gc,phases     ] GC(10)   Post Evacuate Collection Set: 0.7ms
[2026-03-17T17:07:07.855-0400][gc,phases     ] GC(10)   Other: 3.4ms
[2026-03-17T17:07:07.855-0400][gc,heap       ] GC(10) Eden regions: 48->0(47)
[2026-03-17T17:07:07.855-0400][gc,heap       ] GC(10) Survivor regions: 3->4(7)
[2026-03-17T17:07:07.855-0400][gc,heap       ] GC(10) Old regions: 13->13
[2026-03-17T17:07:07.855-0400][gc,heap       ] GC(10) Humongous regions: 129->129
[2026-03-17T17:07:07.855-0400][gc,metaspace  ] GC(10) Metaspace: 42549K(45120K)->42549K(45120K) NonClass: 36747K(38144K)->36747K(38144K) Class: 5802K(6976K)->5802K(6976K)
[2026-03-17T17:07:07.855-0400][gc            ] GC(10) Pause Young (Normal) (G1 Evacuation Pause) 192M->145M(1024M) 46.037ms
[2026-03-17T17:07:07.855-0400][gc,cpu        ] GC(10) User=0.04s Sys=0.08s Real=0.05s
[2026-03-17T17:11:54.398-0400][gc,heap,exit  ] Heap
[2026-03-17T17:11:54.399-0400][gc,heap,exit  ]  garbage-first heap   total 1048576K, used 174130K [0x0000000780000000, 0x00000007c0000000)
[2026-03-17T17:11:54.399-0400][gc,heap,exit  ]   region size 1024K, 31 young (31744K), 4 survivors (4096K)
[2026-03-17T17:11:54.399-0400][gc,heap,exit  ]  Metaspace       used 43272K, capacity 45842K, committed 46016K, reserved 1087488K
[2026-03-17T17:11:54.399-0400][gc,heap,exit  ]   class space    used 5996K, capacity 7249K, committed 7360K, reserved 1048576K
