[2026-03-20T14:57:29.515-0400][gc,heap] Heap region size: 1M
[2026-03-20T14:57:29.519-0400][gc     ] Using G1
[2026-03-20T14:57:29.519-0400][gc,heap,coops] Heap address: 0x0000000780000000, size: 1024 MB, Compressed Oops mode: Zero based, Oop shift amount: 3
[2026-03-20T14:57:30.177-0400][gc,start     ] GC(0) Pause Young (Concurrent Start) (Metadata GC Threshold)
[2026-03-20T14:57:30.178-0400][gc,task      ] GC(0) Using 8 workers of 8 for evacuation
[2026-03-20T14:57:30.182-0400][gc,phases    ] GC(0)   Pre Evacuate Collection Set: 0.0ms
[2026-03-20T14:57:30.182-0400][gc,phases    ] GC(0)   Evacuate Collection Set: 3.5ms
[2026-03-20T14:57:30.182-0400][gc,phases    ] GC(0)   Post Evacuate Collection Set: 0.5ms
[2026-03-20T14:57:30.182-0400][gc,phases    ] GC(0)   Other: 0.5ms
[2026-03-20T14:57:30.182-0400][gc,heap      ] GC(0) Eden regions: 40->0(44)
[2026-03-20T14:57:30.182-0400][gc,heap      ] GC(0) Survivor regions: 0->7(7)
[2026-03-20T14:57:30.182-0400][gc,heap      ] GC(0) Old regions: 0->0
[2026-03-20T14:57:30.182-0400][gc,heap      ] GC(0) Humongous regions: 0->0
[2026-03-20T14:57:30.182-0400][gc,metaspace ] GC(0) Metaspace: 20752K(21248K)->20752K(21248K) NonClass: 18201K(18432K)->18201K(18432K) Class: 2550K(2816K)->2550K(2816K)
[2026-03-20T14:57:30.182-0400][gc           ] GC(0) Pause Young (Concurrent Start) (Metadata GC Threshold) 40M->6M(1024M) 4.551ms
[2026-03-20T14:57:30.182-0400][gc,cpu       ] GC(0) User=0.01s Sys=0.00s Real=0.01s
[2026-03-20T14:57:30.182-0400][gc           ] GC(1) Concurrent Cycle
[2026-03-20T14:57:30.182-0400][gc,marking   ] GC(1) Concurrent Clear Claimed Marks
[2026-03-20T14:57:30.182-0400][gc,marking   ] GC(1) Concurrent Clear Claimed Marks 0.011ms
[2026-03-20T14:57:30.182-0400][gc,marking   ] GC(1) Concurrent Scan Root Regions
[2026-03-20T14:57:30.184-0400][gc,marking   ] GC(1) Concurrent Scan Root Regions 1.655ms
[2026-03-20T14:57:30.184-0400][gc,marking   ] GC(1) Concurrent Mark (0.682s)
[2026-03-20T14:57:30.184-0400][gc,marking   ] GC(1) Concurrent Mark From Roots
[2026-03-20T14:57:30.184-0400][gc,task      ] GC(1) Using 2 workers of 2 for marking
[2026-03-20T14:57:30.184-0400][gc,marking   ] GC(1) Concurrent Mark From Roots 0.172ms
[2026-03-20T14:57:30.184-0400][gc,marking   ] GC(1) Concurrent Preclean
[2026-03-20T14:57:30.184-0400][gc,marking   ] GC(1) Concurrent Preclean 0.015ms
[2026-03-20T14:57:30.184-0400][gc,marking   ] GC(1) Concurrent Mark (0.682s, 0.683s) 0.231ms
[2026-03-20T14:57:30.184-0400][gc,start     ] GC(1) Pause Remark
[2026-03-20T14:57:30.186-0400][gc,stringtable] GC(1) Cleaned string and symbol table, strings: 7629 processed, 0 removed, symbols: 65421 processed, 41 removed
[2026-03-20T14:57:30.186-0400][gc            ] GC(1) Pause Remark 6M->6M(1024M) 1.672ms
[2026-03-20T14:57:30.186-0400][gc,cpu        ] GC(1) User=0.00s Sys=0.00s Real=0.00s
[2026-03-20T14:57:30.186-0400][gc,marking    ] GC(1) Concurrent Rebuild Remembered Sets
[2026-03-20T14:57:30.186-0400][gc,marking    ] GC(1) Concurrent Rebuild Remembered Sets 0.089ms
[2026-03-20T14:57:30.186-0400][gc,start      ] GC(1) Pause Cleanup
[2026-03-20T14:57:30.186-0400][gc            ] GC(1) Pause Cleanup 6M->6M(1024M) 0.067ms
[2026-03-20T14:57:30.186-0400][gc,cpu        ] GC(1) User=0.00s Sys=0.00s Real=0.00s
[2026-03-20T14:57:30.186-0400][gc,marking    ] GC(1) Concurrent Cleanup for Next Mark
[2026-03-20T14:57:30.188-0400][gc,marking    ] GC(1) Concurrent Cleanup for Next Mark 1.531ms
[2026-03-20T14:57:30.188-0400][gc            ] GC(1) Concurrent Cycle 5.755ms
[2026-03-20T14:57:30.676-0400][gc,start      ] GC(2) Pause Young (Normal) (G1 Evacuation Pause)
[2026-03-20T14:57:30.676-0400][gc,task       ] GC(2) Using 8 workers of 8 for evacuation
[2026-03-20T14:57:30.683-0400][gc,phases     ] GC(2)   Pre Evacuate Collection Set: 0.0ms
[2026-03-20T14:57:30.683-0400][gc,phases     ] GC(2)   Evacuate Collection Set: 5.6ms
[2026-03-20T14:57:30.683-0400][gc,phases     ] GC(2)   Post Evacuate Collection Set: 0.7ms
[2026-03-20T14:57:30.683-0400][gc,phases     ] GC(2)   Other: 0.1ms
[2026-03-20T14:57:30.683-0400][gc,heap       ] GC(2) Eden regions: 44->0(47)
[2026-03-20T14:57:30.683-0400][gc,heap       ] GC(2) Survivor regions: 7->4(7)
[2026-03-20T14:57:30.683-0400][gc,heap       ] GC(2) Old regions: 0->6
[2026-03-20T14:57:30.683-0400][gc,heap       ] GC(2) Humongous regions: 129->129
[2026-03-20T14:57:30.683-0400][gc,metaspace  ] GC(2) Metaspace: 30360K(31488K)->30360K(31488K) NonClass: 26505K(27136K)->26505K(27136K) Class: 3855K(4352K)->3855K(4352K)
[2026-03-20T14:57:30.683-0400][gc            ] GC(2) Pause Young (Normal) (G1 Evacuation Pause) 179M->138M(1024M) 6.549ms
[2026-03-20T14:57:30.683-0400][gc,cpu        ] GC(2) User=0.02s Sys=0.00s Real=0.01s
[2026-03-20T14:57:30.805-0400][gc,start      ] GC(3) Pause Young (Concurrent Start) (Metadata GC Threshold)
[2026-03-20T14:57:30.805-0400][gc,task       ] GC(3) Using 8 workers of 8 for evacuation
[2026-03-20T14:57:30.808-0400][gc,phases     ] GC(3)   Pre Evacuate Collection Set: 0.0ms
[2026-03-20T14:57:30.808-0400][gc,phases     ] GC(3)   Evacuate Collection Set: 2.6ms
[2026-03-20T14:57:30.808-0400][gc,phases     ] GC(3)   Post Evacuate Collection Set: 0.2ms
[2026-03-20T14:57:30.808-0400][gc,phases     ] GC(3)   Other: 0.1ms
[2026-03-20T14:57:30.808-0400][gc,heap       ] GC(3) Eden regions: 21->0(46)
[2026-03-20T14:57:30.808-0400][gc,heap       ] GC(3) Survivor regions: 4->5(7)
[2026-03-20T14:57:30.808-0400][gc,heap       ] GC(3) Old regions: 6->6
[2026-03-20T14:57:30.808-0400][gc,heap       ] GC(3) Humongous regions: 129->129
[2026-03-20T14:57:30.808-0400][gc,metaspace  ] GC(3) Metaspace: 34632K(35840K)->34632K(35840K) NonClass: 30191K(30848K)->30191K(30848K) Class: 4441K(4992K)->4441K(4992K)
[2026-03-20T14:57:30.808-0400][gc            ] GC(3) Pause Young (Concurrent Start) (Metadata GC Threshold) 158M->139M(1024M) 3.066ms
[2026-03-20T14:57:30.808-0400][gc,cpu        ] GC(3) User=0.02s Sys=0.00s Real=0.00s
[2026-03-20T14:57:30.809-0400][gc            ] GC(4) Concurrent Cycle
[2026-03-20T14:57:30.809-0400][gc,marking    ] GC(4) Concurrent Clear Claimed Marks
[2026-03-20T14:57:30.809-0400][gc,marking    ] GC(4) Concurrent Clear Claimed Marks 0.022ms
[2026-03-20T14:57:30.809-0400][gc,marking    ] GC(4) Concurrent Scan Root Regions
[2026-03-20T14:57:30.810-0400][gc,marking    ] GC(4) Concurrent Scan Root Regions 1.826ms
[2026-03-20T14:57:30.810-0400][gc,marking    ] GC(4) Concurrent Mark (1.309s)
[2026-03-20T14:57:30.810-0400][gc,marking    ] GC(4) Concurrent Mark From Roots
[2026-03-20T14:57:30.810-0400][gc,task       ] GC(4) Using 2 workers of 2 for marking
[2026-03-20T14:57:30.813-0400][gc,marking    ] GC(4) Concurrent Mark From Roots 2.288ms
[2026-03-20T14:57:30.813-0400][gc,marking    ] GC(4) Concurrent Preclean
[2026-03-20T14:57:30.813-0400][gc,marking    ] GC(4) Concurrent Preclean 0.029ms
[2026-03-20T14:57:30.813-0400][gc,marking    ] GC(4) Concurrent Mark (1.309s, 1.311s) 2.370ms
[2026-03-20T14:57:30.813-0400][gc,start      ] GC(4) Pause Remark
[2026-03-20T14:57:30.815-0400][gc,stringtable] GC(4) Cleaned string and symbol table, strings: 12813 processed, 8 removed, symbols: 101225 processed, 27 removed
[2026-03-20T14:57:30.815-0400][gc            ] GC(4) Pause Remark 141M->141M(1024M) 1.801ms
[2026-03-20T14:57:30.815-0400][gc,cpu        ] GC(4) User=0.00s Sys=0.00s Real=0.00s
[2026-03-20T14:57:30.815-0400][gc,marking    ] GC(4) Concurrent Rebuild Remembered Sets
[2026-03-20T14:57:30.818-0400][gc,marking    ] GC(4) Concurrent Rebuild Remembered Sets 2.641ms
[2026-03-20T14:57:30.818-0400][gc,start      ] GC(4) Pause Cleanup
[2026-03-20T14:57:30.818-0400][gc            ] GC(4) Pause Cleanup 141M->141M(1024M) 0.150ms
[2026-03-20T14:57:30.819-0400][gc,cpu        ] GC(4) User=0.00s Sys=0.00s Real=0.00s
[2026-03-20T14:57:30.819-0400][gc,marking    ] GC(4) Concurrent Cleanup for Next Mark
[2026-03-20T14:57:30.821-0400][gc,marking    ] GC(4) Concurrent Cleanup for Next Mark 2.601ms
[2026-03-20T14:57:30.821-0400][gc            ] GC(4) Concurrent Cycle 12.732ms
[2026-03-20T15:00:01.204-0400][gc,start      ] GC(5) Pause Young (Normal) (G1 Evacuation Pause)
[2026-03-20T15:00:01.205-0400][gc,task       ] GC(5) Using 8 workers of 8 for evacuation
[2026-03-20T15:00:01.240-0400][gc,mmu        ] GC(5) MMU target violated: 21.0ms (20.0ms/21.0ms)
[2026-03-20T15:00:01.240-0400][gc,phases     ] GC(5)   Pre Evacuate Collection Set: 0.7ms
[2026-03-20T15:00:01.240-0400][gc,phases     ] GC(5)   Evacuate Collection Set: 32.9ms
[2026-03-20T15:00:01.240-0400][gc,phases     ] GC(5)   Post Evacuate Collection Set: 0.6ms
[2026-03-20T15:00:01.240-0400][gc,phases     ] GC(5)   Other: 1.5ms
[2026-03-20T15:00:01.240-0400][gc,heap       ] GC(5) Eden regions: 46->0(47)
[2026-03-20T15:00:01.240-0400][gc,heap       ] GC(5) Survivor regions: 5->4(7)
[2026-03-20T15:00:01.240-0400][gc,heap       ] GC(5) Old regions: 6->10
[2026-03-20T15:00:01.240-0400][gc,heap       ] GC(5) Humongous regions: 129->129
[2026-03-20T15:00:01.240-0400][gc,metaspace  ] GC(5) Metaspace: 40305K(42496K)->40305K(42496K) NonClass: 34753K(35840K)->34753K(35840K) Class: 5552K(6656K)->5552K(6656K)
[2026-03-20T15:00:01.240-0400][gc            ] GC(5) Pause Young (Normal) (G1 Evacuation Pause) 185M->141M(1024M) 35.839ms
[2026-03-20T15:00:01.240-0400][gc,cpu        ] GC(5) User=0.03s Sys=0.08s Real=0.04s
[2026-03-20T15:11:17.076-0400][gc,start      ] GC(6) Pause Young (Normal) (G1 Evacuation Pause)
[2026-03-20T15:11:17.077-0400][gc,task       ] GC(6) Using 8 workers of 8 for evacuation
[2026-03-20T15:11:17.111-0400][gc,mmu        ] GC(6) MMU target violated: 21.0ms (20.0ms/21.0ms)
[2026-03-20T15:11:17.111-0400][gc,phases     ] GC(6)   Pre Evacuate Collection Set: 2.2ms
[2026-03-20T15:11:17.111-0400][gc,phases     ] GC(6)   Evacuate Collection Set: 29.7ms
[2026-03-20T15:11:17.111-0400][gc,phases     ] GC(6)   Post Evacuate Collection Set: 0.5ms
[2026-03-20T15:11:17.111-0400][gc,phases     ] GC(6)   Other: 2.4ms
[2026-03-20T15:11:17.111-0400][gc,heap       ] GC(6) Eden regions: 47->0(45)
[2026-03-20T15:11:17.111-0400][gc,heap       ] GC(6) Survivor regions: 4->6(7)
[2026-03-20T15:11:17.111-0400][gc,heap       ] GC(6) Old regions: 10->10
[2026-03-20T15:11:17.111-0400][gc,heap       ] GC(6) Humongous regions: 129->129
[2026-03-20T15:11:17.111-0400][gc,metaspace  ] GC(6) Metaspace: 41298K(43648K)->41298K(43648K) NonClass: 35696K(36864K)->35696K(36864K) Class: 5602K(6784K)->5602K(6784K)
[2026-03-20T15:11:17.111-0400][gc            ] GC(6) Pause Young (Normal) (G1 Evacuation Pause) 188M->143M(1024M) 34.601ms
[2026-03-20T15:11:17.111-0400][gc,cpu        ] GC(6) User=0.03s Sys=0.06s Real=0.04s
[2026-03-20T15:22:56.174-0400][gc,start      ] GC(7) Pause Young (Normal) (G1 Evacuation Pause)
[2026-03-20T15:22:56.174-0400][gc,task       ] GC(7) Using 8 workers of 8 for evacuation
[2026-03-20T15:22:56.198-0400][gc,mmu        ] GC(7) MMU target violated: 21.0ms (20.0ms/21.0ms)
[2026-03-20T15:22:56.198-0400][gc,phases     ] GC(7)   Pre Evacuate Collection Set: 0.8ms
[2026-03-20T15:22:56.198-0400][gc,phases     ] GC(7)   Evacuate Collection Set: 21.8ms
[2026-03-20T15:22:56.198-0400][gc,phases     ] GC(7)   Post Evacuate Collection Set: 0.4ms
[2026-03-20T15:22:56.198-0400][gc,phases     ] GC(7)   Other: 1.8ms
[2026-03-20T15:22:56.198-0400][gc,heap       ] GC(7) Eden regions: 45->0(48)
[2026-03-20T15:22:56.198-0400][gc,heap       ] GC(7) Survivor regions: 6->3(7)
[2026-03-20T15:22:56.198-0400][gc,heap       ] GC(7) Old regions: 10->13
[2026-03-20T15:22:56.198-0400][gc,heap       ] GC(7) Humongous regions: 129->129
[2026-03-20T15:22:56.198-0400][gc,metaspace  ] GC(7) Metaspace: 41420K(43904K)->41420K(43904K) NonClass: 35817K(37120K)->35817K(37120K) Class: 5602K(6784K)->5602K(6784K)
[2026-03-20T15:22:56.199-0400][gc            ] GC(7) Pause Young (Normal) (G1 Evacuation Pause) 188M->144M(1024M) 24.639ms
[2026-03-20T15:22:56.199-0400][gc,cpu        ] GC(7) User=0.03s Sys=0.03s Real=0.02s
[2026-03-20T15:35:56.170-0400][gc,start      ] GC(8) Pause Young (Normal) (G1 Evacuation Pause)
[2026-03-20T15:35:56.170-0400][gc,task       ] GC(8) Using 8 workers of 8 for evacuation
[2026-03-20T15:35:56.190-0400][gc,phases     ] GC(8)   Pre Evacuate Collection Set: 0.9ms
[2026-03-20T15:35:56.190-0400][gc,phases     ] GC(8)   Evacuate Collection Set: 17.4ms
[2026-03-20T15:35:56.190-0400][gc,phases     ] GC(8)   Post Evacuate Collection Set: 0.5ms
[2026-03-20T15:35:56.190-0400][gc,phases     ] GC(8)   Other: 1.8ms
[2026-03-20T15:35:56.190-0400][gc,heap       ] GC(8) Eden regions: 48->0(48)
[2026-03-20T15:35:56.190-0400][gc,heap       ] GC(8) Survivor regions: 3->3(7)
[2026-03-20T15:35:56.190-0400][gc,heap       ] GC(8) Old regions: 13->13
[2026-03-20T15:35:56.190-0400][gc,heap       ] GC(8) Humongous regions: 129->129
[2026-03-20T15:35:56.190-0400][gc,metaspace  ] GC(8) Metaspace: 41468K(43904K)->41468K(43904K) NonClass: 35865K(37120K)->35865K(37120K) Class: 5602K(6784K)->5602K(6784K)
[2026-03-20T15:35:56.190-0400][gc            ] GC(8) Pause Young (Normal) (G1 Evacuation Pause) 192M->143M(1024M) 20.787ms
[2026-03-20T15:35:56.190-0400][gc,cpu        ] GC(8) User=0.01s Sys=0.04s Real=0.02s
[2026-03-20T15:49:23.222-0400][gc,start      ] GC(9) Pause Young (Normal) (G1 Evacuation Pause)
[2026-03-20T15:49:23.223-0400][gc,task       ] GC(9) Using 8 workers of 8 for evacuation
[2026-03-20T15:49:23.287-0400][gc,mmu        ] GC(9) MMU target violated: 21.0ms (20.0ms/21.0ms)
[2026-03-20T15:49:23.287-0400][gc,phases     ] GC(9)   Pre Evacuate Collection Set: 3.6ms
[2026-03-20T15:49:23.287-0400][gc,phases     ] GC(9)   Evacuate Collection Set: 53.6ms
[2026-03-20T15:49:23.287-0400][gc,phases     ] GC(9)   Post Evacuate Collection Set: 2.3ms
[2026-03-20T15:49:23.287-0400][gc,phases     ] GC(9)   Other: 6.8ms
[2026-03-20T15:49:23.287-0400][gc,heap       ] GC(9) Eden regions: 48->0(48)
[2026-03-20T15:49:23.287-0400][gc,heap       ] GC(9) Survivor regions: 3->3(7)
[2026-03-20T15:49:23.287-0400][gc,heap       ] GC(9) Old regions: 13->13
[2026-03-20T15:49:23.287-0400][gc,heap       ] GC(9) Humongous regions: 129->129
[2026-03-20T15:49:23.287-0400][gc,metaspace  ] GC(9) Metaspace: 41509K(43904K)->41509K(43904K) NonClass: 35905K(37120K)->35905K(37120K) Class: 5603K(6784K)->5603K(6784K)
[2026-03-20T15:49:23.288-0400][gc            ] GC(9) Pause Young (Normal) (G1 Evacuation Pause) 191M->144M(1024M) 66.121ms
[2026-03-20T15:49:23.288-0400][gc,cpu        ] GC(9) User=0.03s Sys=0.03s Real=0.06s
[2026-03-20T16:04:11.199-0400][gc,start      ] GC(10) Pause Young (Normal) (G1 Evacuation Pause)
[2026-03-20T16:04:11.201-0400][gc,task       ] GC(10) Using 8 workers of 8 for evacuation
[2026-03-20T16:04:11.243-0400][gc,mmu        ] GC(10) MMU target violated: 21.0ms (20.0ms/21.0ms)
[2026-03-20T16:04:11.243-0400][gc,phases     ] GC(10)   Pre Evacuate Collection Set: 4.5ms
[2026-03-20T16:04:11.243-0400][gc,phases     ] GC(10)   Evacuate Collection Set: 34.3ms
[2026-03-20T16:04:11.243-0400][gc,phases     ] GC(10)   Post Evacuate Collection Set: 0.7ms
[2026-03-20T16:04:11.243-0400][gc,phases     ] GC(10)   Other: 4.8ms
[2026-03-20T16:04:11.243-0400][gc,heap       ] GC(10) Eden regions: 48->0(47)
[2026-03-20T16:04:11.243-0400][gc,heap       ] GC(10) Survivor regions: 3->4(7)
[2026-03-20T16:04:11.243-0400][gc,heap       ] GC(10) Old regions: 13->13
[2026-03-20T16:04:11.243-0400][gc,heap       ] GC(10) Humongous regions: 129->129
[2026-03-20T16:04:11.243-0400][gc,metaspace  ] GC(10) Metaspace: 41983K(44544K)->41983K(44544K) NonClass: 36278K(37632K)->36278K(37632K) Class: 5705K(6912K)->5705K(6912K)
[2026-03-20T16:04:11.243-0400][gc            ] GC(10) Pause Young (Normal) (G1 Evacuation Pause) 192M->145M(1024M) 43.952ms
[2026-03-20T16:04:11.243-0400][gc,cpu        ] GC(10) User=0.05s Sys=0.08s Real=0.05s
[2026-03-20T16:17:39.519-0400][gc,start      ] GC(11) Pause Young (Normal) (G1 Evacuation Pause)
[2026-03-20T16:17:39.520-0400][gc,task       ] GC(11) Using 8 workers of 8 for evacuation
[2026-03-20T16:17:39.557-0400][gc,mmu        ] GC(11) MMU target violated: 21.0ms (20.0ms/21.0ms)
[2026-03-20T16:17:39.557-0400][gc,phases     ] GC(11)   Pre Evacuate Collection Set: 2.4ms
[2026-03-20T16:17:39.557-0400][gc,phases     ] GC(11)   Evacuate Collection Set: 29.2ms
[2026-03-20T16:17:39.557-0400][gc,phases     ] GC(11)   Post Evacuate Collection Set: 0.6ms
[2026-03-20T16:17:39.557-0400][gc,phases     ] GC(11)   Other: 5.8ms
[2026-03-20T16:17:39.557-0400][gc,heap       ] GC(11) Eden regions: 47->0(47)
[2026-03-20T16:17:39.557-0400][gc,heap       ] GC(11) Survivor regions: 4->4(7)
[2026-03-20T16:17:39.557-0400][gc,heap       ] GC(11) Old regions: 13->13
[2026-03-20T16:17:39.557-0400][gc,heap       ] GC(11) Humongous regions: 129->129
[2026-03-20T16:17:39.557-0400][gc,metaspace  ] GC(11) Metaspace: 42001K(44544K)->42001K(44544K) NonClass: 36296K(37632K)->36296K(37632K) Class: 5705K(6912K)->5705K(6912K)
[2026-03-20T16:17:39.557-0400][gc            ] GC(11) Pause Young (Normal) (G1 Evacuation Pause) 192M->144M(1024M) 37.765ms
[2026-03-20T16:17:39.557-0400][gc,cpu        ] GC(11) User=0.02s Sys=0.07s Real=0.04s
[2026-03-20T16:30:55.717-0400][gc,start      ] GC(12) Pause Young (Normal) (G1 Evacuation Pause)
[2026-03-20T16:30:55.718-0400][gc,task       ] GC(12) Using 8 workers of 8 for evacuation
[2026-03-20T16:30:55.766-0400][gc,mmu        ] GC(12) MMU target violated: 21.0ms (20.0ms/21.0ms)
[2026-03-20T16:30:55.766-0400][gc,phases     ] GC(12)   Pre Evacuate Collection Set: 1.9ms
[2026-03-20T16:30:55.766-0400][gc,phases     ] GC(12)   Evacuate Collection Set: 43.5ms
[2026-03-20T16:30:55.766-0400][gc,phases     ] GC(12)   Post Evacuate Collection Set: 0.5ms
[2026-03-20T16:30:55.766-0400][gc,phases     ] GC(12)   Other: 2.6ms
[2026-03-20T16:30:55.766-0400][gc,heap       ] GC(12) Eden regions: 47->0(47)
[2026-03-20T16:30:55.766-0400][gc,heap       ] GC(12) Survivor regions: 4->4(7)
[2026-03-20T16:30:55.766-0400][gc,heap       ] GC(12) Old regions: 13->13
[2026-03-20T16:30:55.766-0400][gc,heap       ] GC(12) Humongous regions: 129->129
[2026-03-20T16:30:55.766-0400][gc,metaspace  ] GC(12) Metaspace: 42006K(44544K)->42006K(44544K) NonClass: 36301K(37632K)->36301K(37632K) Class: 5705K(6912K)->5705K(6912K)
[2026-03-20T16:30:55.766-0400][gc            ] GC(12) Pause Young (Normal) (G1 Evacuation Pause) 191M->145M(1024M) 48.577ms
[2026-03-20T16:30:55.766-0400][gc,cpu        ] GC(12) User=0.06s Sys=0.08s Real=0.05s
[2026-03-20T16:44:46.183-0400][gc,start      ] GC(13) Pause Young (Normal) (G1 Evacuation Pause)
[2026-03-20T16:44:46.184-0400][gc,task       ] GC(13) Using 8 workers of 8 for evacuation
[2026-03-20T16:44:46.213-0400][gc,mmu        ] GC(13) MMU target violated: 21.0ms (20.0ms/21.0ms)
[2026-03-20T16:44:46.213-0400][gc,phases     ] GC(13)   Pre Evacuate Collection Set: 1.6ms
[2026-03-20T16:44:46.213-0400][gc,phases     ] GC(13)   Evacuate Collection Set: 24.6ms
[2026-03-20T16:44:46.213-0400][gc,phases     ] GC(13)   Post Evacuate Collection Set: 0.5ms
[2026-03-20T16:44:46.213-0400][gc,phases     ] GC(13)   Other: 3.4ms
[2026-03-20T16:44:46.213-0400][gc,heap       ] GC(13) Eden regions: 47->0(47)
[2026-03-20T16:44:46.213-0400][gc,heap       ] GC(13) Survivor regions: 4->4(7)
[2026-03-20T16:44:46.213-0400][gc,heap       ] GC(13) Old regions: 13->13
[2026-03-20T16:44:46.213-0400][gc,heap       ] GC(13) Humongous regions: 129->129
[2026-03-20T16:44:46.213-0400][gc,metaspace  ] GC(13) Metaspace: 42060K(44544K)->42060K(44544K) NonClass: 36355K(37632K)->36355K(37632K) Class: 5705K(6912K)->5705K(6912K)
[2026-03-20T16:44:46.213-0400][gc            ] GC(13) Pause Young (Normal) (G1 Evacuation Pause) 192M->144M(1024M) 30.087ms
[2026-03-20T16:44:46.213-0400][gc,cpu        ] GC(13) User=0.02s Sys=0.05s Real=0.03s
[2026-03-20T16:56:41.175-0400][gc,start      ] GC(14) Pause Young (Normal) (G1 Evacuation Pause)
[2026-03-20T16:56:41.176-0400][gc,task       ] GC(14) Using 8 workers of 8 for evacuation
[2026-03-20T16:56:41.205-0400][gc,mmu        ] GC(14) MMU target violated: 21.0ms (20.0ms/21.0ms)
[2026-03-20T16:56:41.205-0400][gc,phases     ] GC(14)   Pre Evacuate Collection Set: 0.9ms
[2026-03-20T16:56:41.205-0400][gc,phases     ] GC(14)   Evacuate Collection Set: 26.1ms
[2026-03-20T16:56:41.205-0400][gc,phases     ] GC(14)   Post Evacuate Collection Set: 1.0ms
[2026-03-20T16:56:41.206-0400][gc,phases     ] GC(14)   Other: 4.0ms
[2026-03-20T16:56:41.206-0400][gc,heap       ] GC(14) Eden regions: 47->0(47)
[2026-03-20T16:56:41.206-0400][gc,heap       ] GC(14) Survivor regions: 4->4(7)
[2026-03-20T16:56:41.206-0400][gc,heap       ] GC(14) Old regions: 13->13
[2026-03-20T16:56:41.206-0400][gc,heap       ] GC(14) Humongous regions: 129->129
[2026-03-20T16:56:41.206-0400][gc,metaspace  ] GC(14) Metaspace: 42480K(45184K)->42480K(45184K) NonClass: 36704K(38144K)->36704K(38144K) Class: 5776K(7040K)->5776K(7040K)
[2026-03-20T16:56:41.206-0400][gc            ] GC(14) Pause Young (Normal) (G1 Evacuation Pause) 191M->145M(1024M) 31.626ms
[2026-03-20T16:56:41.206-0400][gc,cpu        ] GC(14) User=0.03s Sys=0.06s Real=0.03s
[2026-03-20T17:13:45.200-0400][gc,start      ] GC(15) Pause Young (Normal) (G1 Evacuation Pause)
[2026-03-20T17:13:45.200-0400][gc,task       ] GC(15) Using 8 workers of 8 for evacuation
[2026-03-20T17:13:45.233-0400][gc,mmu        ] GC(15) MMU target violated: 21.0ms (20.0ms/21.0ms)
[2026-03-20T17:13:45.233-0400][gc,phases     ] GC(15)   Pre Evacuate Collection Set: 1.3ms
[2026-03-20T17:13:45.233-0400][gc,phases     ] GC(15)   Evacuate Collection Set: 29.0ms
[2026-03-20T17:13:45.233-0400][gc,phases     ] GC(15)   Post Evacuate Collection Set: 0.7ms
[2026-03-20T17:13:45.233-0400][gc,phases     ] GC(15)   Other: 2.7ms
[2026-03-20T17:13:45.233-0400][gc,heap       ] GC(15) Eden regions: 47->0(47)
[2026-03-20T17:13:45.233-0400][gc,heap       ] GC(15) Survivor regions: 4->4(7)
[2026-03-20T17:13:45.233-0400][gc,heap       ] GC(15) Old regions: 13->13
[2026-03-20T17:13:45.233-0400][gc,heap       ] GC(15) Humongous regions: 129->129
[2026-03-20T17:13:45.233-0400][gc,metaspace  ] GC(15) Metaspace: 42531K(45184K)->42531K(45184K) NonClass: 36753K(38144K)->36753K(38144K) Class: 5777K(7040K)->5777K(7040K)
[2026-03-20T17:13:45.233-0400][gc            ] GC(15) Pause Young (Normal) (G1 Evacuation Pause) 192M->144M(1024M) 33.491ms
[2026-03-20T17:13:45.233-0400][gc,cpu        ] GC(15) User=0.02s Sys=0.04s Real=0.03s
[2026-03-20T17:23:44.446-0400][gc,start      ] GC(16) Pause Young (Normal) (G1 Evacuation Pause)
[2026-03-20T17:23:44.447-0400][gc,task       ] GC(16) Using 8 workers of 8 for evacuation
[2026-03-20T17:23:44.472-0400][gc,mmu        ] GC(16) MMU target violated: 21.0ms (20.0ms/21.0ms)
[2026-03-20T17:23:44.472-0400][gc,phases     ] GC(16)   Pre Evacuate Collection Set: 1.3ms
[2026-03-20T17:23:44.472-0400][gc,phases     ] GC(16)   Evacuate Collection Set: 22.2ms
[2026-03-20T17:23:44.472-0400][gc,phases     ] GC(16)   Post Evacuate Collection Set: 0.7ms
[2026-03-20T17:23:44.472-0400][gc,phases     ] GC(16)   Other: 1.4ms
[2026-03-20T17:23:44.472-0400][gc,heap       ] GC(16) Eden regions: 47->0(47)
[2026-03-20T17:23:44.472-0400][gc,heap       ] GC(16) Survivor regions: 4->4(7)
[2026-03-20T17:23:44.472-0400][gc,heap       ] GC(16) Old regions: 13->13
[2026-03-20T17:23:44.472-0400][gc,heap       ] GC(16) Humongous regions: 129->129
[2026-03-20T17:23:44.472-0400][gc,metaspace  ] GC(16) Metaspace: 42621K(45184K)->42621K(45184K) NonClass: 36842K(38144K)->36842K(38144K) Class: 5778K(7040K)->5778K(7040K)
[2026-03-20T17:23:44.472-0400][gc            ] GC(16) Pause Young (Normal) (G1 Evacuation Pause) 191M->145M(1024M) 25.674ms
[2026-03-20T17:23:44.472-0400][gc,cpu        ] GC(16) User=0.04s Sys=0.05s Real=0.03s
[2026-03-20T17:32:49.844-0400][gc,start      ] GC(17) Pause Young (Normal) (G1 Evacuation Pause)
[2026-03-20T17:32:49.845-0400][gc,task       ] GC(17) Using 8 workers of 8 for evacuation
[2026-03-20T17:32:49.862-0400][gc,phases     ] GC(17)   Pre Evacuate Collection Set: 1.2ms
[2026-03-20T17:32:49.862-0400][gc,phases     ] GC(17)   Evacuate Collection Set: 14.3ms
[2026-03-20T17:32:49.862-0400][gc,phases     ] GC(17)   Post Evacuate Collection Set: 0.5ms
[2026-03-20T17:32:49.862-0400][gc,phases     ] GC(17)   Other: 2.4ms
[2026-03-20T17:32:49.862-0400][gc,heap       ] GC(17) Eden regions: 47->0(47)
[2026-03-20T17:32:49.862-0400][gc,heap       ] GC(17) Survivor regions: 4->4(7)
[2026-03-20T17:32:49.862-0400][gc,heap       ] GC(17) Old regions: 13->13
[2026-03-20T17:32:49.862-0400][gc,heap       ] GC(17) Humongous regions: 129->129
[2026-03-20T17:32:49.862-0400][gc,metaspace  ] GC(17) Metaspace: 42646K(45184K)->42646K(45184K) NonClass: 36867K(38144K)->36867K(38144K) Class: 5778K(7040K)->5778K(7040K)
[2026-03-20T17:32:49.862-0400][gc            ] GC(17) Pause Young (Normal) (G1 Evacuation Pause) 192M->144M(1024M) 18.522ms
[2026-03-20T17:32:49.862-0400][gc,cpu        ] GC(17) User=0.02s Sys=0.04s Real=0.02s
