[2026-03-17T17:13:34.043-0400][gc,heap] Heap region size: 1M
[2026-03-17T17:13:34.044-0400][gc     ] Using G1
[2026-03-17T17:13:34.044-0400][gc,heap,coops] Heap address: 0x00000007a0000000, size: 512 MB, Compressed Oops mode: Zero based, Oop shift amount: 3
[2026-03-17T17:39:28.228-0400][gc,start     ] GC(0) Pause Young (Normal) (G1 Evacuation Pause)
[2026-03-17T17:39:28.233-0400][gc,task      ] GC(0) Using 8 workers of 8 for evacuation
[2026-03-17T17:39:28.268-0400][gc,mmu       ] GC(0) MMU target violated: 21.0ms (20.0ms/21.0ms)
[2026-03-17T17:39:28.268-0400][gc,phases    ] GC(0)   Pre Evacuate Collection Set: 1.1ms
[2026-03-17T17:39:28.268-0400][gc,phases    ] GC(0)   Evacuate Collection Set: 32.5ms
[2026-03-17T17:39:28.268-0400][gc,phases    ] GC(0)   Post Evacuate Collection Set: 0.5ms
[2026-03-17T17:39:28.268-0400][gc,phases    ] GC(0)   Other: 6.4ms
[2026-03-17T17:39:28.268-0400][gc,heap      ] GC(0) Eden regions: 25->0(21)
[2026-03-17T17:39:28.268-0400][gc,heap      ] GC(0) Survivor regions: 0->4(4)
[2026-03-17T17:39:28.268-0400][gc,heap      ] GC(0) Old regions: 0->2
[2026-03-17T17:39:28.268-0400][gc,heap      ] GC(0) Humongous regions: 0->0
[2026-03-17T17:39:28.268-0400][gc,metaspace ] GC(0) Metaspace: 15063K(15488K)->15063K(15488K) NonClass: 13555K(13824K)->13555K(13824K) Class: 1508K(1664K)->1508K(1664K)
[2026-03-17T17:39:28.268-0400][gc           ] GC(0) Pause Young (Normal) (G1 Evacuation Pause) 25M->5M(512M) 39.859ms
[2026-03-17T17:39:28.268-0400][gc,cpu       ] GC(0) User=0.02s Sys=0.09s Real=0.04s
[2026-03-17T17:50:25.799-0400][gc,heap,exit ] Heap
[2026-03-17T17:50:25.799-0400][gc,heap,exit ]  garbage-first heap   total 524288K, used 6440K [0x00000007a0000000, 0x00000007c0000000)
[2026-03-17T17:50:25.799-0400][gc,heap,exit ]   region size 1024K, 6 young (6144K), 4 survivors (4096K)
[2026-03-17T17:50:25.799-0400][gc,heap,exit ]  Metaspace       used 15082K, capacity 15357K, committed 15488K, reserved 1062912K
[2026-03-17T17:50:25.799-0400][gc,heap,exit ]   class space    used 1510K, capacity 1622K, committed 1664K, reserved 1048576K
