[2026-03-17T17:11:51.251-0400][gc,init] CardTable entry size: 512
[2026-03-17T17:11:51.251-0400][gc     ] Using G1
[2026-03-17T17:11:51.252-0400][gc,init] Version: 21.0.10+7-LTS (release)
[2026-03-17T17:11:51.252-0400][gc,init] CPUs: 8 total, 8 available
[2026-03-17T17:11:51.252-0400][gc,init] Memory: 16384M
[2026-03-17T17:11:51.252-0400][gc,init] Large Page Support: Disabled
[2026-03-17T17:11:51.252-0400][gc,init] NUMA Support: Disabled
[2026-03-17T17:11:51.252-0400][gc,init] Compressed Oops: Enabled (Zero based)
[2026-03-17T17:11:51.252-0400][gc,init] Heap Region Size: 1M
[2026-03-17T17:11:51.252-0400][gc,init] Heap Min Capacity: 512M
[2026-03-17T17:11:51.252-0400][gc,init] Heap Initial Capacity: 512M
[2026-03-17T17:11:51.252-0400][gc,init] Heap Max Capacity: 512M
[2026-03-17T17:11:51.252-0400][gc,init] Pre-touch: Disabled
[2026-03-17T17:11:51.252-0400][gc,init] Parallel Workers: 8
[2026-03-17T17:11:51.252-0400][gc,init] Concurrent Workers: 2
[2026-03-17T17:11:51.252-0400][gc,init] Concurrent Refinement Workers: 8
[2026-03-17T17:11:51.252-0400][gc,init] Periodic GC: Disabled
[2026-03-17T17:11:51.256-0400][gc,metaspace] CDS archive(s) mapped at: [0x0000007800000000-0x0000007800c94000-0x0000007800c94000), size 13189120, SharedBaseAddress: 0x0000007800000000, ArchiveRelocationMode: 1.
[2026-03-17T17:11:51.256-0400][gc,metaspace] Compressed class space mapped at: 0x0000007801000000-0x0000007841000000, reserved size: 1073741824
[2026-03-17T17:11:51.256-0400][gc,metaspace] Narrow klass base: 0x0000007800000000, Narrow klass shift: 0, Narrow klass range: 0x100000000
[2026-03-17T17:13:24.956-0400][gc,heap,exit] Heap
[2026-03-17T17:13:24.957-0400][gc,heap,exit]  garbage-first heap   total 524288K, used 24096K [0x00000007e0000000, 0x0000000800000000)
[2026-03-17T17:13:24.957-0400][gc,heap,exit]   region size 1024K, 23 young (23552K), 0 survivors (0K)
[2026-03-17T17:13:24.957-0400][gc,heap,exit]  Metaspace       used 7731K, committed 7936K, reserved 1114112K
[2026-03-17T17:13:24.957-0400][gc,heap,exit]   class space    used 832K, committed 896K, reserved 1048576K
