[2026-03-17T16:25:07.650-0400][gc,heap] Heap region size: 1M
[2026-03-17T16:25:07.651-0400][gc     ] Using G1
[2026-03-17T16:25:07.651-0400][gc,heap,coops] Heap address: 0x00000007a0000000, size: 512 MB, Compressed Oops mode: Zero based, Oop shift amount: 3
[2026-03-17T16:39:21.763-0400][gc,start     ] GC(0) Pause Young (Normal) (G1 Evacuation Pause)
[2026-03-17T16:39:21.764-0400][gc,task      ] GC(0) Using 8 workers of 8 for evacuation
[2026-03-17T16:39:21.791-0400][gc,mmu       ] GC(0) MMU target violated: 21.0ms (20.0ms/21.0ms)
[2026-03-17T16:39:21.791-0400][gc,phases    ] GC(0)   Pre Evacuate Collection Set: 1.0ms
[2026-03-17T16:39:21.791-0400][gc,phases    ] GC(0)   Evacuate Collection Set: 25.2ms
[2026-03-17T16:39:21.791-0400][gc,phases    ] GC(0)   Post Evacuate Collection Set: 0.3ms
[2026-03-17T16:39:21.791-0400][gc,phases    ] GC(0)   Other: 2.4ms
[2026-03-17T16:39:21.791-0400][gc,heap      ] GC(0) Eden regions: 25->0(21)
[2026-03-17T16:39:21.791-0400][gc,heap      ] GC(0) Survivor regions: 0->4(4)
[2026-03-17T16:39:21.791-0400][gc,heap      ] GC(0) Old regions: 0->2
[2026-03-17T16:39:21.791-0400][gc,heap      ] GC(0) Humongous regions: 0->0
[2026-03-17T16:39:21.791-0400][gc,metaspace ] GC(0) Metaspace: 15066K(15488K)->15066K(15488K) NonClass: 13557K(13824K)->13557K(13824K) Class: 1508K(1664K)->1508K(1664K)
[2026-03-17T16:39:21.791-0400][gc           ] GC(0) Pause Young (Normal) (G1 Evacuation Pause) 25M->5M(512M) 27.973ms
[2026-03-17T16:39:21.791-0400][gc,cpu       ] GC(0) User=0.02s Sys=0.04s Real=0.03s
[2026-03-17T16:59:37.809-0400][gc,heap,exit ] Heap
[2026-03-17T16:59:37.810-0400][gc,heap,exit ]  garbage-first heap   total 524288K, used 7638K [0x00000007a0000000, 0x00000007c0000000)
[2026-03-17T16:59:37.810-0400][gc,heap,exit ]   region size 1024K, 7 young (7168K), 4 survivors (4096K)
[2026-03-17T16:59:37.810-0400][gc,heap,exit ]  Metaspace       used 15078K, capacity 15419K, committed 15488K, reserved 1062912K
[2026-03-17T16:59:37.810-0400][gc,heap,exit ]   class space    used 1510K, capacity 1622K, committed 1664K, reserved 1048576K
