[2026-03-20T14:57:15.113-0400][gc,heap] Heap region size: 1M
[2026-03-20T14:57:15.114-0400][gc     ] Using G1
[2026-03-20T14:57:15.114-0400][gc,heap,coops] Heap address: 0x00000007a0000000, size: 512 MB, Compressed Oops mode: Zero based, Oop shift amount: 3
[2026-03-20T15:16:04.891-0400][gc,start     ] GC(0) Pause Young (Normal) (G1 Evacuation Pause)
[2026-03-20T15:16:04.896-0400][gc,task      ] GC(0) Using 8 workers of 8 for evacuation
[2026-03-20T15:16:04.930-0400][gc,mmu       ] GC(0) MMU target violated: 21.0ms (20.0ms/21.0ms)
[2026-03-20T15:16:04.930-0400][gc,phases    ] GC(0)   Pre Evacuate Collection Set: 0.9ms
[2026-03-20T15:16:04.930-0400][gc,phases    ] GC(0)   Evacuate Collection Set: 29.9ms
[2026-03-20T15:16:04.930-0400][gc,phases    ] GC(0)   Post Evacuate Collection Set: 0.9ms
[2026-03-20T15:16:04.930-0400][gc,phases    ] GC(0)   Other: 9.1ms
[2026-03-20T15:16:04.930-0400][gc,heap      ] GC(0) Eden regions: 25->0(21)
[2026-03-20T15:16:04.930-0400][gc,heap      ] GC(0) Survivor regions: 0->4(4)
[2026-03-20T15:16:04.930-0400][gc,heap      ] GC(0) Old regions: 0->2
[2026-03-20T15:16:04.930-0400][gc,heap      ] GC(0) Humongous regions: 0->0
[2026-03-20T15:16:04.930-0400][gc,metaspace ] GC(0) Metaspace: 15056K(15488K)->15056K(15488K) NonClass: 13547K(13824K)->13547K(13824K) Class: 1509K(1664K)->1509K(1664K)
[2026-03-20T15:16:04.930-0400][gc           ] GC(0) Pause Young (Normal) (G1 Evacuation Pause) 25M->5M(512M) 39.742ms
[2026-03-20T15:16:04.930-0400][gc,cpu       ] GC(0) User=0.02s Sys=0.05s Real=0.04s
[2026-03-20T17:34:53.631-0400][gc,heap,exit ] Heap
[2026-03-20T17:34:53.634-0400][gc,heap,exit ]  garbage-first heap   total 524288K, used 17727K [0x00000007a0000000, 0x00000007c0000000)
[2026-03-20T17:34:53.634-0400][gc,heap,exit ]   region size 1024K, 17 young (17408K), 4 survivors (4096K)
[2026-03-20T17:34:53.634-0400][gc,heap,exit ]  Metaspace       used 15122K, capacity 15425K, committed 15488K, reserved 1062912K
[2026-03-20T17:34:53.634-0400][gc,heap,exit ]   class space    used 1513K, capacity 1622K, committed 1664K, reserved 1048576K
